// Vitest Snapshot v1, https://vitest.dev/guide/snapshot.html

exports[`Green Component > renders magnificent monkeys 1`] = `
<div>
  <button
    type="button"
  >
    Click Me
  </button>
  <h1>
    Magnificent Monkeys
  </h1>
</div>
`;
